[2026-06-01T11:31:11.310Z] [INFO] ========== START TRACKING VISIT ========== 
[2026-06-01T11:31:11.312Z] [INFO] Request body received: {
  "slug": "rasoul",
  "time_on_page": 15,
  "session_id": "not provided"
}
[2026-06-01T11:31:11.313Z] [DEBUG] Searching for customer link with slug: "rasoul"
[2026-06-01T11:31:11.316Z] [DEBUG] Query result for link: {
  "found": true,
  "rowCount": 1,
  "result": {
    "id": 1,
    "user_id": 370,
    "current_total_visits": 0,
    "current_unique_visitors": 0
  }
}
[2026-06-01T11:31:11.316Z] [INFO] Link found successfully {
  "linkId": 1,
  "userId": 370
}
[2026-06-01T11:31:11.317Z] [DEBUG] Fetching request headers... 
[2026-06-01T11:31:11.320Z] [DEBUG] Headers extracted: {
  "userAgent": "Mozilla/5.0 (Windows NT 10.0; Win64; x64) AppleWebKit/537.36 (KHTML, like Gecko) Chrome/148.0.0.0 Sa...",
  "referrer": "http://localhost:3000/c/rasoul",
  "ip": "::1",
  "allForwardedFor": "::1",
  "realIp": "none",
  "cfConnectingIp": "none"
}
[2026-06-01T11:31:11.323Z] [DEBUG] Generated IP hash: {
  "ipHash": "63613d308ab4edf146c6..."
}
[2026-06-01T11:31:11.324Z] [DEBUG] Session ID: "67cda960-18c8-4192-94d2-5cf3ff30ffd0"
[2026-06-01T11:31:11.325Z] [DEBUG] Checking for existing visit in last 24 hours... 
[2026-06-01T11:31:11.327Z] [INFO] Unique visitor check: {
  "isUnique": true,
  "existingCount": 0,
  "existingVisitDetails": null
}
[2026-06-01T11:31:11.328Z] [DEBUG] Preparing visit record: {
  "linkId": 1,
  "userId": 370,
  "sessionId": "67cda960-18c8-4192-94d2-5cf3ff30ffd0",
  "deviceType": "desktop",
  "browser": "Chrome",
  "os": "Windows",
  "referrer": "http://localhost:3000/c/rasoul",
  "ipHash": "63613d308ab4edf146c6...",
  "isUnique": true,
  "timeOnPageSec": 15
}
[2026-06-01T11:31:11.332Z] [INFO] Visit inserted successfully {
  "insertResult": "success"
}
[2026-06-01T11:31:11.333Z] [DEBUG] Updating counters in customer_links... 
[2026-06-01T11:31:11.334Z] [INFO] This is a unique visit, updating unique_visitors counter 
[2026-06-01T11:31:11.337Z] [INFO] Counters updated successfully 
[2026-06-01T11:31:11.338Z] [INFO] Final stats after update: {
  "total_visits": 1,
  "unique_visitors": 1
}
[2026-06-01T11:31:11.339Z] [INFO] ========== TRACKING COMPLETED SUCCESSFULLY ========== 
[2026-06-01T11:34:47.999Z] [INFO] ========== START TRACKING VISIT ========== 
[2026-06-01T11:34:48.000Z] [INFO] Request body received: {
  "slug": "rasoul",
  "time_on_page": 0,
  "session_id": "not provided"
}
[2026-06-01T11:34:48.000Z] [DEBUG] Searching for customer link with slug: "rasoul"
[2026-06-01T11:34:48.002Z] [DEBUG] Query result for link: {
  "found": true,
  "rowCount": 1,
  "result": {
    "id": 1,
    "user_id": 370,
    "current_total_visits": 1,
    "current_unique_visitors": 1
  }
}
[2026-06-01T11:34:48.002Z] [INFO] Link found successfully {
  "linkId": 1,
  "userId": 370
}
[2026-06-01T11:34:48.003Z] [DEBUG] Fetching request headers... 
[2026-06-01T11:34:48.005Z] [DEBUG] Headers extracted: {
  "userAgent": "Mozilla/5.0 (Windows NT 10.0; Win64; x64) AppleWebKit/537.36 (KHTML, like Gecko) Chrome/148.0.0.0 Sa...",
  "referrer": "http://localhost:3000/c/rasoul",
  "ip": "::1",
  "allForwardedFor": "::1",
  "realIp": "none",
  "cfConnectingIp": "none"
}
[2026-06-01T11:34:48.005Z] [DEBUG] Generated IP hash: {
  "ipHash": "63613d308ab4edf146c6..."
}
[2026-06-01T11:34:48.006Z] [DEBUG] Session ID: "916b98aa-65de-4e3c-a47d-eaae0006110d"
[2026-06-01T11:34:48.007Z] [DEBUG] Checking for existing visit in last 24 hours... 
[2026-06-01T11:34:48.008Z] [INFO] Unique visitor check: {
  "isUnique": false,
  "existingCount": 1,
  "existingVisitDetails": {
    "id": 1,
    "visited_at": "2026-06-01T11:31:11.000Z",
    "was_unique": 1
  }
}
[2026-06-01T11:34:48.009Z] [DEBUG] Preparing visit record: {
  "linkId": 1,
  "userId": 370,
  "sessionId": "916b98aa-65de-4e3c-a47d-eaae0006110d",
  "deviceType": "desktop",
  "browser": "Edge",
  "os": "Windows",
  "referrer": "http://localhost:3000/c/rasoul",
  "ipHash": "63613d308ab4edf146c6...",
  "isUnique": false,
  "timeOnPageSec": 0
}
[2026-06-01T11:34:48.013Z] [INFO] Visit inserted successfully {
  "insertResult": "success"
}
[2026-06-01T11:34:48.013Z] [DEBUG] Updating counters in customer_links... 
[2026-06-01T11:34:48.014Z] [INFO] This is a repeat visit, not updating unique_visitors 
[2026-06-01T11:34:48.015Z] [INFO] Counters updated successfully 
[2026-06-01T11:34:48.017Z] [INFO] Final stats after update: {
  "total_visits": 2,
  "unique_visitors": 1
}
[2026-06-01T11:34:48.017Z] [INFO] ========== TRACKING COMPLETED SUCCESSFULLY ========== 
[2026-06-01T11:36:48.438Z] [INFO] ========== START TRACKING VISIT ========== 
[2026-06-01T11:36:48.441Z] [INFO] Request body received: {
  "slug": "rasoul",
  "time_on_page": 0,
  "session_id": "not provided"
}
[2026-06-01T11:36:48.442Z] [DEBUG] Searching for customer link with slug: "rasoul"
[2026-06-01T11:36:48.444Z] [DEBUG] Query result for link: {
  "found": true,
  "rowCount": 1,
  "result": {
    "id": 1,
    "user_id": 370,
    "current_total_visits": 2,
    "current_unique_visitors": 1
  }
}
[2026-06-01T11:36:48.445Z] [INFO] Link found successfully {
  "linkId": 1,
  "userId": 370
}
[2026-06-01T11:36:48.445Z] [DEBUG] Fetching request headers... 
[2026-06-01T11:36:48.446Z] [DEBUG] Headers extracted: {
  "userAgent": "Mozilla/5.0 (Linux; Android 10; K) AppleWebKit/537.36 (KHTML, like Gecko) Chrome/147.0.0.0 Mobile Sa...",
  "referrer": "http://10.250.79.213:3000/c/rasoul",
  "ip": "::ffff:10.250.79.245",
  "allForwardedFor": "::ffff:10.250.79.245",
  "realIp": "none",
  "cfConnectingIp": "none"
}
[2026-06-01T11:36:48.447Z] [DEBUG] Generated IP hash: {
  "ipHash": "c2f5dd2a90d0854137c5..."
}
[2026-06-01T11:36:48.447Z] [DEBUG] Session ID: "fe1f6169-d1fd-49dc-a1a7-2a3bb5b0ca27"
[2026-06-01T11:36:48.448Z] [DEBUG] Checking for existing visit in last 24 hours... 
[2026-06-01T11:36:48.449Z] [INFO] Unique visitor check: {
  "isUnique": true,
  "existingCount": 0,
  "existingVisitDetails": null
}
[2026-06-01T11:36:48.449Z] [DEBUG] Preparing visit record: {
  "linkId": 1,
  "userId": 370,
  "sessionId": "fe1f6169-d1fd-49dc-a1a7-2a3bb5b0ca27",
  "deviceType": "mobile",
  "browser": "Chrome",
  "os": "Android",
  "referrer": "http://10.250.79.213:3000/c/rasoul",
  "ipHash": "c2f5dd2a90d0854137c5...",
  "isUnique": true,
  "timeOnPageSec": 0
}
[2026-06-01T11:36:48.452Z] [INFO] Visit inserted successfully {
  "insertResult": "success"
}
[2026-06-01T11:36:48.452Z] [DEBUG] Updating counters in customer_links... 
[2026-06-01T11:36:48.453Z] [INFO] This is a unique visit, updating unique_visitors counter 
[2026-06-01T11:36:48.455Z] [INFO] Counters updated successfully 
[2026-06-01T11:36:48.456Z] [INFO] Final stats after update: {
  "total_visits": 3,
  "unique_visitors": 2
}
[2026-06-01T11:36:48.456Z] [INFO] ========== TRACKING COMPLETED SUCCESSFULLY ========== 
[2026-06-01T12:17:59.108Z] [INFO] ========== START TRACKING VISIT ========== 
[2026-06-01T12:17:59.110Z] [INFO] Request body received: {
  "slug": "news",
  "time_on_page": 0,
  "session_id": "b20950d8-5ad9-4e2a-9f4a-ed09d644895a"
}
[2026-06-01T12:17:59.112Z] [DEBUG] Searching for customer link with slug: "news"
[2026-06-01T12:17:59.118Z] [DEBUG] Query result for link: {
  "found": true,
  "rowCount": 1,
  "result": {
    "id": 4,
    "user_id": 403,
    "current_total_visits": 1,
    "current_unique_visitors": 1
  }
}
[2026-06-01T12:17:59.119Z] [INFO] Link found successfully {
  "linkId": 4,
  "userId": 403
}
[2026-06-01T12:17:59.120Z] [DEBUG] Fetching request headers... 
[2026-06-01T12:17:59.123Z] [DEBUG] Headers extracted: {
  "userAgent": "Mozilla/5.0 (Linux; Android 13; K) AppleWebKit/537.36 (KHTML, like Gecko) Chrome/148.0.7778.178 Mobi...",
  "referrer": "http://10.250.79.213:3000/c/news",
  "ip": "::ffff:10.250.79.245",
  "allForwardedFor": "::ffff:10.250.79.245",
  "realIp": "none",
  "cfConnectingIp": "none"
}
[2026-06-01T12:17:59.124Z] [DEBUG] Generated IP hash: {
  "ipHash": "493e0dc562aec1d682d0..."
}
[2026-06-01T12:17:59.124Z] [DEBUG] Session ID: "b20950d8-5ad9-4e2a-9f4a-ed09d644895a"
[2026-06-01T12:17:59.125Z] [DEBUG] Checking for existing visit in last 24 hours... 
[2026-06-01T12:17:59.129Z] [INFO] Unique visitor check: {
  "isUnique": true,
  "existingCount": 0,
  "existingVisitDetails": null
}
[2026-06-01T12:17:59.130Z] [DEBUG] Preparing visit record: {
  "linkId": 4,
  "userId": 403,
  "sessionId": "b20950d8-5ad9-4e2a-9f4a-ed09d644895a",
  "deviceType": "mobile",
  "browser": "Chrome",
  "os": "Android",
  "referrer": "http://10.250.79.213:3000/c/news",
  "ipHash": "493e0dc562aec1d682d0...",
  "isUnique": true,
  "timeOnPageSec": 0
}
[2026-06-01T12:17:59.136Z] [INFO] Visit inserted successfully {
  "insertResult": "success"
}
[2026-06-01T12:17:59.137Z] [DEBUG] Updating counters in customer_links... 
[2026-06-01T12:17:59.138Z] [INFO] This is a unique visit, updating unique_visitors counter 
[2026-06-01T12:17:59.142Z] [INFO] Counters updated successfully 
[2026-06-01T12:17:59.145Z] [INFO] Final stats after update: {
  "total_visits": 2,
  "unique_visitors": 2
}
[2026-06-01T12:17:59.146Z] [INFO] ========== TRACKING COMPLETED SUCCESSFULLY ========== 
[2026-06-01T12:22:00.401Z] [INFO] ========== START TRACKING VISIT ========== 
[2026-06-01T12:22:00.406Z] [INFO] Request body received: {
  "slug": "news",
  "time_on_page": 0,
  "session_id": "abf949f3-3d92-4d18-82e0-286da1268ddc"
}
[2026-06-01T12:22:00.408Z] [DEBUG] Searching for customer link with slug: "news"
[2026-06-01T12:22:00.413Z] [DEBUG] Query result for link: {
  "found": true,
  "rowCount": 1,
  "result": {
    "id": 4,
    "user_id": 403,
    "current_total_visits": 2,
    "current_unique_visitors": 2
  }
}
[2026-06-01T12:22:00.415Z] [INFO] Link found successfully {
  "linkId": 4,
  "userId": 403
}
[2026-06-01T12:22:00.419Z] [DEBUG] Fetching request headers... 
[2026-06-01T12:22:00.425Z] [DEBUG] Headers extracted: {
  "userAgent": "Mozilla/5.0 (Linux; Android 13; K) AppleWebKit/537.36 (KHTML, like Gecko) Chrome/148.0.7778.178 Mobi...",
  "referrer": "http://10.250.79.213:3000/c/news",
  "ip": "::ffff:10.250.79.245",
  "allForwardedFor": "::ffff:10.250.79.245",
  "realIp": "none",
  "cfConnectingIp": "none"
}
[2026-06-01T12:22:00.427Z] [DEBUG] Generated IP hash: {
  "ipHash": "493e0dc562aec1d682d0..."
}
[2026-06-01T12:22:00.429Z] [DEBUG] Session ID: "abf949f3-3d92-4d18-82e0-286da1268ddc"
[2026-06-01T12:22:00.431Z] [DEBUG] Checking for existing visit in last 24 hours... 
[2026-06-01T12:22:00.437Z] [INFO] Unique visitor check: {
  "isUnique": false,
  "existingCount": 1,
  "existingVisitDetails": {
    "id": 5,
    "visited_at": "2026-06-01T12:17:59.000Z",
    "was_unique": 1
  }
}
[2026-06-01T12:22:00.439Z] [DEBUG] Preparing visit record: {
  "linkId": 4,
  "userId": 403,
  "sessionId": "abf949f3-3d92-4d18-82e0-286da1268ddc",
  "deviceType": "mobile",
  "browser": "Chrome",
  "os": "Android",
  "referrer": "http://10.250.79.213:3000/c/news",
  "ipHash": "493e0dc562aec1d682d0...",
  "isUnique": false,
  "timeOnPageSec": 0
}
[2026-06-01T12:22:00.447Z] [INFO] Visit inserted successfully {
  "insertResult": "success"
}
[2026-06-01T12:22:00.449Z] [DEBUG] Updating counters in customer_links... 
[2026-06-01T12:22:00.452Z] [INFO] This is a repeat visit, not updating unique_visitors 
[2026-06-01T12:22:00.456Z] [INFO] Counters updated successfully 
[2026-06-01T12:22:00.484Z] [INFO] Final stats after update: {
  "total_visits": 3,
  "unique_visitors": 2
}
[2026-06-01T12:22:00.557Z] [INFO] ========== TRACKING COMPLETED SUCCESSFULLY ========== 
[2026-06-01T12:22:06.656Z] [INFO] ========== START TRACKING VISIT ========== 
[2026-06-01T12:22:06.658Z] [INFO] Request body received: {
  "slug": "news",
  "time_on_page": 0,
  "session_id": "98ee9468-4044-4eea-91ba-67455c756233"
}
[2026-06-01T12:22:06.659Z] [DEBUG] Searching for customer link with slug: "news"
[2026-06-01T12:22:06.671Z] [DEBUG] Query result for link: {
  "found": true,
  "rowCount": 1,
  "result": {
    "id": 4,
    "user_id": 403,
    "current_total_visits": 3,
    "current_unique_visitors": 2
  }
}
[2026-06-01T12:22:06.674Z] [INFO] Link found successfully {
  "linkId": 4,
  "userId": 403
}
[2026-06-01T12:22:06.677Z] [DEBUG] Fetching request headers... 
[2026-06-01T12:22:06.680Z] [DEBUG] Headers extracted: {
  "userAgent": "Mozilla/5.0 (Linux; Android 10; K) AppleWebKit/537.36 (KHTML, like Gecko) Chrome/147.0.0.0 Mobile Sa...",
  "referrer": "http://10.250.79.213:3000/c/news",
  "ip": "::ffff:10.250.79.245",
  "allForwardedFor": "::ffff:10.250.79.245",
  "realIp": "none",
  "cfConnectingIp": "none"
}
[2026-06-01T12:22:06.683Z] [DEBUG] Generated IP hash: {
  "ipHash": "c2f5dd2a90d0854137c5..."
}
[2026-06-01T12:22:06.685Z] [DEBUG] Session ID: "98ee9468-4044-4eea-91ba-67455c756233"
[2026-06-01T12:22:06.687Z] [DEBUG] Checking for existing visit in last 24 hours... 
[2026-06-01T12:22:06.692Z] [INFO] Unique visitor check: {
  "isUnique": true,
  "existingCount": 0,
  "existingVisitDetails": null
}
[2026-06-01T12:22:06.697Z] [DEBUG] Preparing visit record: {
  "linkId": 4,
  "userId": 403,
  "sessionId": "98ee9468-4044-4eea-91ba-67455c756233",
  "deviceType": "mobile",
  "browser": "Chrome",
  "os": "Android",
  "referrer": "http://10.250.79.213:3000/c/news",
  "ipHash": "c2f5dd2a90d0854137c5...",
  "isUnique": true,
  "timeOnPageSec": 0
}
[2026-06-01T12:22:06.707Z] [INFO] Visit inserted successfully {
  "insertResult": "success"
}
[2026-06-01T12:22:06.710Z] [DEBUG] Updating counters in customer_links... 
[2026-06-01T12:22:06.715Z] [INFO] This is a unique visit, updating unique_visitors counter 
[2026-06-01T12:22:06.731Z] [INFO] Counters updated successfully 
[2026-06-01T12:22:06.737Z] [INFO] Final stats after update: {
  "total_visits": 4,
  "unique_visitors": 3
}
[2026-06-01T12:22:06.740Z] [INFO] ========== TRACKING COMPLETED SUCCESSFULLY ========== 
[2026-06-01T12:22:24.872Z] [INFO] ========== START TRACKING VISIT ========== 
[2026-06-01T12:22:24.873Z] [INFO] Request body received: {
  "slug": "news",
  "time_on_page": 0,
  "session_id": "1a6a24bc-eba7-4d91-a601-a5e3f6c17ae8"
}
[2026-06-01T12:22:24.874Z] [DEBUG] Searching for customer link with slug: "news"
[2026-06-01T12:22:24.890Z] [DEBUG] Query result for link: {
  "found": true,
  "rowCount": 1,
  "result": {
    "id": 4,
    "user_id": 403,
    "current_total_visits": 4,
    "current_unique_visitors": 3
  }
}
[2026-06-01T12:22:24.891Z] [INFO] Link found successfully {
  "linkId": 4,
  "userId": 403
}
[2026-06-01T12:22:24.893Z] [DEBUG] Fetching request headers... 
[2026-06-01T12:22:24.921Z] [DEBUG] Headers extracted: {
  "userAgent": "Mozilla/5.0 (Linux; Android 13; K) AppleWebKit/537.36 (KHTML, like Gecko) Chrome/148.0.7778.178 Mobi...",
  "referrer": "http://10.250.79.213:3000/c/news",
  "ip": "::ffff:10.250.79.245",
  "allForwardedFor": "::ffff:10.250.79.245",
  "realIp": "none",
  "cfConnectingIp": "none"
}
[2026-06-01T12:22:24.931Z] [DEBUG] Generated IP hash: {
  "ipHash": "493e0dc562aec1d682d0..."
}
[2026-06-01T12:22:24.940Z] [DEBUG] Session ID: "1a6a24bc-eba7-4d91-a601-a5e3f6c17ae8"
[2026-06-01T12:22:24.968Z] [DEBUG] Checking for existing visit in last 24 hours... 
[2026-06-01T12:22:25.052Z] [INFO] Unique visitor check: {
  "isUnique": false,
  "existingCount": 1,
  "existingVisitDetails": {
    "id": 5,
    "visited_at": "2026-06-01T12:17:59.000Z",
    "was_unique": 1
  }
}
[2026-06-01T12:22:25.056Z] [DEBUG] Preparing visit record: {
  "linkId": 4,
  "userId": 403,
  "sessionId": "1a6a24bc-eba7-4d91-a601-a5e3f6c17ae8",
  "deviceType": "mobile",
  "browser": "Chrome",
  "os": "Android",
  "referrer": "http://10.250.79.213:3000/c/news",
  "ipHash": "493e0dc562aec1d682d0...",
  "isUnique": false,
  "timeOnPageSec": 0
}
[2026-06-01T12:22:25.156Z] [INFO] Visit inserted successfully {
  "insertResult": "success"
}
[2026-06-01T12:22:25.157Z] [DEBUG] Updating counters in customer_links... 
[2026-06-01T12:22:25.159Z] [INFO] This is a repeat visit, not updating unique_visitors 
[2026-06-01T12:22:25.168Z] [INFO] Counters updated successfully 
[2026-06-01T12:22:25.182Z] [INFO] Final stats after update: {
  "total_visits": 5,
  "unique_visitors": 3
}
[2026-06-01T12:22:25.184Z] [INFO] ========== TRACKING COMPLETED SUCCESSFULLY ========== 
[2026-06-01T12:22:58.791Z] [INFO] ========== START TRACKING VISIT ========== 
[2026-06-01T12:22:58.792Z] [INFO] Request body received: {
  "slug": "news",
  "time_on_page": 0,
  "session_id": "c3cefd45-2614-438e-b12f-0cdfe84694fa"
}
[2026-06-01T12:22:58.793Z] [DEBUG] Searching for customer link with slug: "news"
[2026-06-01T12:22:58.799Z] [DEBUG] Query result for link: {
  "found": true,
  "rowCount": 1,
  "result": {
    "id": 4,
    "user_id": 403,
    "current_total_visits": 5,
    "current_unique_visitors": 3
  }
}
[2026-06-01T12:22:58.800Z] [INFO] Link found successfully {
  "linkId": 4,
  "userId": 403
}
[2026-06-01T12:22:58.801Z] [DEBUG] Fetching request headers... 
[2026-06-01T12:22:58.805Z] [DEBUG] Headers extracted: {
  "userAgent": "Mozilla/5.0 (Linux; Android 10; K) AppleWebKit/537.36 (KHTML, like Gecko) Chrome/147.0.0.0 Mobile Sa...",
  "referrer": "http://10.250.79.213:3000/c/news",
  "ip": "::ffff:10.250.79.245",
  "allForwardedFor": "::ffff:10.250.79.245",
  "realIp": "none",
  "cfConnectingIp": "none"
}
[2026-06-01T12:22:58.806Z] [DEBUG] Generated IP hash: {
  "ipHash": "c2f5dd2a90d0854137c5..."
}
[2026-06-01T12:22:58.809Z] [DEBUG] Session ID: "c3cefd45-2614-438e-b12f-0cdfe84694fa"
[2026-06-01T12:22:58.810Z] [DEBUG] Checking for existing visit in last 24 hours... 
[2026-06-01T12:22:58.820Z] [INFO] Unique visitor check: {
  "isUnique": false,
  "existingCount": 1,
  "existingVisitDetails": {
    "id": 7,
    "visited_at": "2026-06-01T12:22:06.000Z",
    "was_unique": 1
  }
}
[2026-06-01T12:22:58.822Z] [DEBUG] Preparing visit record: {
  "linkId": 4,
  "userId": 403,
  "sessionId": "c3cefd45-2614-438e-b12f-0cdfe84694fa",
  "deviceType": "mobile",
  "browser": "Chrome",
  "os": "Android",
  "referrer": "http://10.250.79.213:3000/c/news",
  "ipHash": "c2f5dd2a90d0854137c5...",
  "isUnique": false,
  "timeOnPageSec": 0
}
[2026-06-01T12:22:58.835Z] [INFO] Visit inserted successfully {
  "insertResult": "success"
}
[2026-06-01T12:22:58.838Z] [DEBUG] Updating counters in customer_links... 
[2026-06-01T12:22:58.840Z] [INFO] This is a repeat visit, not updating unique_visitors 
[2026-06-01T12:22:58.847Z] [INFO] Counters updated successfully 
[2026-06-01T12:22:58.853Z] [INFO] Final stats after update: {
  "total_visits": 6,
  "unique_visitors": 3
}
[2026-06-01T12:22:58.855Z] [INFO] ========== TRACKING COMPLETED SUCCESSFULLY ========== 
